// Jest Snapshot v1, https://goo.gl/fbAQLP

exports[`should render correctly 1`] = `
<div
  className="row"
>
  <div
    className="Nav"
  >
    <div
      className="Logo"
    >
      <h3
        className="mb-0"
      >
        Primer Designer
      </h3>
    </div>
    <div>
      <button
        className="btn btn-info"
        onClick={[Function]}
      >
        See tutorial
      </button>
      <div
        className="logged-out"
      >
        <p>
          Not currently signed in
        </p>
        <button
          className="btn btn-success log-in"
          onClick={[Function]}
        >
          Log Out
        </button>
      </div>
    </div>
  </div>
</div>
`;
