// Jest Snapshot v1, https://goo.gl/fbAQLP

exports[`Snapshot of LoginPage renders properly 1`] = `
<div
  className="Login-Page"
>
  <div
    className="container-fluid"
  >
    <div
      className="row Login-Page-Header"
    >
      Primer designer admin hub
    </div>
    <div
      className="row"
    >
      <div
        className="col-4"
      >
        Log in to admin section
        <button
          className="btn btn-primary"
          onClick={[MockFunction]}
        >
          Log in
        </button>
      </div>
    </div>
  </div>
</div>
`;
